******************************************************************************
                  MSP430 Linker PC v4.3.3                      
******************************************************************************
>> Linked Tue Apr 21 19:43:06 2015

OUTPUT FILE NAME:   <final.out>
ENTRY POINT SYMBOL: "_c_int00"  address: 0000c71a


MEMORY CONFIGURATION

         name            origin    length      used     unused   attr    fill
----------------------  --------  ---------  --------  --------  ----  --------
  SFR                   00000000   00000010  00000000  00000010  RWIX
  PERIPHERALS_8BIT      00000010   000000f0  00000000  000000f0  RWIX
  PERIPHERALS_16BIT     00000100   00000100  00000000  00000100  RWIX
  RAM                   00000200   00000200  00000070  00000190  RWIX
  INFOD                 00001000   00000040  00000000  00000040  RWIX
  INFOC                 00001040   00000040  00000000  00000040  RWIX
  INFOB                 00001080   00000040  00000000  00000040  RWIX
  INFOA                 000010c0   00000040  00000000  00000040  RWIX
  FLASH                 0000c000   00003fe0  000008ea  000036f6  RWIX
  INT00                 0000ffe0   00000002  00000000  00000002  RWIX
  INT01                 0000ffe2   00000002  00000000  00000002  RWIX
  INT02                 0000ffe4   00000002  00000002  00000000  RWIX
  INT03                 0000ffe6   00000002  00000002  00000000  RWIX
  INT04                 0000ffe8   00000002  00000000  00000002  RWIX
  INT05                 0000ffea   00000002  00000002  00000000  RWIX
  INT06                 0000ffec   00000002  00000002  00000000  RWIX
  INT07                 0000ffee   00000002  00000002  00000000  RWIX
  INT08                 0000fff0   00000002  00000002  00000000  RWIX
  INT09                 0000fff2   00000002  00000002  00000000  RWIX
  INT10                 0000fff4   00000002  00000002  00000000  RWIX
  INT11                 0000fff6   00000002  00000002  00000000  RWIX
  INT12                 0000fff8   00000002  00000002  00000000  RWIX
  INT13                 0000fffa   00000002  00000002  00000000  RWIX
  INT14                 0000fffc   00000002  00000002  00000000  RWIX
  RESET                 0000fffe   00000002  00000002  00000000  RWIX


SECTION ALLOCATION MAP

 output                                  attributes/
section   page    origin      length       input sections
--------  ----  ----------  ----------   ----------------
.init_array 
*          0    0000c000    00000000     UNINITIALIZED

.bss       0    00000200    0000001c     UNINITIALIZED
                  00000200    00000014     (.common:msgbuffer)
                  00000214    00000002     (.common:LCD_buffer_ptr)
                  00000216    00000002     (.common:LCD_char_count)
                  00000218    00000002     (.common:LCD_current_put_value)
                  0000021a    00000002     (.common:LCD_step)

.TI.noinit 
*          0    00000200    00000000     UNINITIALIZED

.data      0    0000021c    00000004     UNINITIALIZED
                  0000021c    00000002     lcd.obj (.data)
                  0000021e    00000002     main.obj (.data)

.TI.persistent 
*          0    0000021c    00000000     UNINITIALIZED

.stack     0    000003b0    00000050     UNINITIALIZED
                  000003b0    00000002     rts430_eabi.lib : boot.obj (.stack)
                  000003b2    0000004e     --HOLE--

.text      0    0000c000    000008a2     
                  0000c000    00000116     rts430_eabi.lib : _printfi_min.obj (.text:_setfield)
                  0000c116    000000ca                     : _printfi_min.obj (.text:__TI_printfi_minimal)
                  0000c1e0    0000008a     lcd.obj (.text:TA1CCR0_handler)
                  0000c26a    0000007a     main.obj (.text:main)
                  0000c2e4    0000005e     lcd.obj (.text:LCD_init)
                  0000c342    0000005e     rts430_eabi.lib : copy_decompress_rle.obj (.text:__TI_decompress_rle_core)
                  0000c3a0    0000005e                     : autoinit.obj (.text:_auto_init)
                  0000c3fe    00000056     lcd.obj (.text:LCD_put_action)
                  0000c454    00000056     rts430_eabi.lib : _printfi_min.obj (.text:_ltostr)
                  0000c4aa    00000056                     : snprintf.obj (.text:snprintf)
                  0000c500    0000004e                     : _printfi_min.obj (.text:_pproc_diouxp)
                  0000c54e    0000004c                     : lsr16.obj (.text)
                  0000c59a    00000048                     : _printfi_min.obj (.text:_pproc_str)
                  0000c5e2    00000036                     : snprintf.obj (.text:_outs)
                  0000c618    0000002e                     : _printfi_min.obj (.text:_getarg_diouxp)
                  0000c646    0000002e     lcd.obj (.text:init_put_word)
                  0000c674    0000002a     lcd.obj (.text:start_LCD_send_buffer)
                  0000c69e    00000028     lcd.obj (.text:start_LCD_put_4)
                  0000c6c6    0000001e     rts430_eabi.lib : snprintf.obj (.text:_outc)
                  0000c6e4    0000001c                     : memccpy.obj (.text:memccpy)
                  0000c700    0000001a     lcd.obj (.text:LCD_put_4_action)
                  0000c71a    0000001a     rts430_eabi.lib : boot.obj (.text:_c_int00_noexit)
                  0000c734    00000018                     : _printfi_min.obj (.text:_div)
                  0000c74c    00000016     lcd.obj (.text:init_LCD_ports)
                  0000c762    00000016     rts430_eabi.lib : div16u.obj (.text)
                  0000c778    00000014                     : copy_zero_init.obj (.text:decompress:ZI:__TI_zero_init)
                  0000c78c    00000014                     : memset.obj (.text:memset)
                  0000c7a0    00000014                     : mult16.obj (.text)
                  0000c7b4    00000014     lcd.obj (.text:start_LCD_send_string)
                  0000c7c8    00000014     lcd.obj (.text:start_timer)
                  0000c7dc    00000012     rts430_eabi.lib : copy_decompress_none.obj (.text:decompress:none:__TI_decompress_none)
                  0000c7ee    00000012                     : memcpy.obj (.text:memcpy)
                  0000c800    00000010     lcd.obj (.text:init_TA1)
                  0000c810    00000010     rts430_eabi.lib : epilog.obj (.text)
                  0000c820    0000000e     lcd.obj (.text:start_delay)
                  0000c82e    0000000e     rts430_eabi.lib : strlen.obj (.text:strlen)
                  0000c83c    0000000c     lcd.obj (.text:LCD_SM_busy)
                  0000c848    0000000a     lcd.obj (.text:LCD_put)
                  0000c852    0000000a     lcd.obj (.text:LCD_put_4)
                  0000c85c    0000000a     lcd.obj (.text:LCD_send_string)
                  0000c866    0000000a     lcd.obj (.text:LCD_setup)
                  0000c870    0000000a     lcd.obj (.text:delay)
                  0000c87a    0000000a     lcd.obj (.text:sm_wait)
                  0000c884    0000000a     lcd.obj (.text:start_LCD_put)
                  0000c88e    00000006     rts430_eabi.lib : isr_trap.obj (.text:__TI_ISR_TRAP)
                  0000c894    00000006                     : copy_decompress_rle.obj (.text:decompress:rle24:__TI_decompress_rle24)
                  0000c89a    00000004                     : pre_init.obj (.text:_system_pre_init)
                  0000c89e    00000004                     : exit.obj (.text:abort)

.const     0    0000c8a2    0000002e     
                  0000c8a2    00000014     rts430_eabi.lib : _printfi_min.obj (.const:.string)
                  0000c8b6    0000000d     main.obj (.const:.string:msg1)
                  0000c8c3    00000001     --HOLE-- [fill = 0]
                  0000c8c4    0000000c     main.obj (.const:.string)

.cinit     0    0000c8d0    0000001a     
                  0000c8d0    00000008     (.cinit..data.load) [load image]
                  0000c8d8    00000006     (__TI_handler_table)
                  0000c8de    00000004     (.cinit..bss.load) [load image, compression = zero_init]
                  0000c8e2    00000008     (__TI_cinit_table)

PORT1      0    0000ffe4    00000002     
                  0000ffe4    00000002     rts430_eabi.lib : int02.obj (.int02)

PORT2      0    0000ffe6    00000002     
                  0000ffe6    00000002     rts430_eabi.lib : int03.obj (.int03)

ADC10      0    0000ffea    00000002     
                  0000ffea    00000002     rts430_eabi.lib : int05.obj (.int05)

USCIAB0TX 
*          0    0000ffec    00000002     
                  0000ffec    00000002     rts430_eabi.lib : int06.obj (.int06)

USCIAB0RX 
*          0    0000ffee    00000002     
                  0000ffee    00000002     rts430_eabi.lib : int07.obj (.int07)

TIMER0_A1 
*          0    0000fff0    00000002     
                  0000fff0    00000002     rts430_eabi.lib : int08.obj (.int08)

TIMER0_A0 
*          0    0000fff2    00000002     
                  0000fff2    00000002     rts430_eabi.lib : int09.obj (.int09)

WDT        0    0000fff4    00000002     
                  0000fff4    00000002     rts430_eabi.lib : int10.obj (.int10)

COMPARATORA 
*          0    0000fff6    00000002     
                  0000fff6    00000002     rts430_eabi.lib : int11.obj (.int11)

TIMER1_A1 
*          0    0000fff8    00000002     
                  0000fff8    00000002     rts430_eabi.lib : int12.obj (.int12)

TIMER1_A0 
*          0    0000fffa    00000002     
                  0000fffa    00000002     lcd.obj (.int13)

NMI        0    0000fffc    00000002     
                  0000fffc    00000002     rts430_eabi.lib : int14.obj (.int14)

.reset     0    0000fffe    00000002     
                  0000fffe    00000002     rts430_eabi.lib : boot.obj (.reset)


LINKER GENERATED COPY TABLES

__TI_cinit_table @ 0000c8e2 records: 2, size/record: 4, table size: 8
	.data: load addr=0000c8d0, load size=00000008 bytes, run addr=0000021c, run size=00000004 bytes, compression=copy
	.bss: load addr=0000c8de, load size=00000004 bytes, run addr=00000200, run size=0000001c bytes, compression=zero_init


LINKER GENERATED HANDLER TABLE

__TI_handler_table @ 0000c8d8 records: 3, size/record: 2, table size: 6
	index: 0, handler: __TI_zero_init
	index: 1, handler: __TI_decompress_rle24
	index: 2, handler: __TI_decompress_none


GLOBAL SYMBOLS: SORTED ALPHABETICALLY BY Name 

address    name
--------   ----
0000004a   ADC10AE0
000001b0   ADC10CTL0
000001b2   ADC10CTL1
00000048   ADC10DTC0
00000049   ADC10DTC1
000001b4   ADC10MEM
000001bc   ADC10SA
00000057   BCSCTL1
00000058   BCSCTL2
00000053   BCSCTL3
0000c89e   C$$EXIT
00000059   CACTL1
0000005a   CACTL2
000010fb   CALBC1_12MHZ
000010f9   CALBC1_16MHZ
000010ff   CALBC1_1MHZ
000010fd   CALBC1_8MHZ
000010fa   CALDCO_12MHZ
000010f8   CALDCO_16MHZ
000010fe   CALDCO_1MHZ
000010fc   CALDCO_8MHZ
0000005b   CAPD
00000056   DCOCTL
00000128   FCTL1
0000012a   FCTL2
0000012c   FCTL3
00000000   IE1
00000001   IE2
00000002   IFG1
00000003   IFG2
0000c83c   LCD_SM_busy
00000214   LCD_buffer_ptr
00000216   LCD_char_count
00000218   LCD_current_put_value
0000c2e4   LCD_init
0000c848   LCD_put
0000c852   LCD_put_4
0000c700   LCD_put_4_action
0000c3fe   LCD_put_action
0000c85c   LCD_send_string
0000c866   LCD_setup
0000021a   LCD_step
00000022   P1DIR
00000025   P1IE
00000024   P1IES
00000023   P1IFG
00000020   P1IN
00000021   P1OUT
00000027   P1REN
00000026   P1SEL
00000041   P1SEL2
0000002a   P2DIR
0000002d   P2IE
0000002c   P2IES
0000002b   P2IFG
00000028   P2IN
00000029   P2OUT
0000002f   P2REN
0000002e   P2SEL
00000042   P2SEL2
0000001a   P3DIR
00000018   P3IN
00000019   P3OUT
00000010   P3REN
0000001b   P3SEL
00000043   P3SEL2
00000172   TA0CCR0
00000174   TA0CCR1
00000176   TA0CCR2
00000162   TA0CCTL0
00000164   TA0CCTL1
00000166   TA0CCTL2
00000160   TA0CTL
0000012e   TA0IV
00000170   TA0R
00000192   TA1CCR0
0000c1e0   TA1CCR0_handler
0000fffa   TA1CCR0_handler_ptr
00000194   TA1CCR1
00000196   TA1CCR2
00000182   TA1CCTL0
00000184   TA1CCTL1
00000186   TA1CCTL2
00000180   TA1CTL
0000011e   TA1IV
00000190   TA1R
000010db   TLV_ADC10_1_LEN
000010da   TLV_ADC10_1_TAG
000010c0   TLV_CHECKSUM
000010f7   TLV_DCO_30_LEN
000010f6   TLV_DCO_30_TAG
0000005d   UCA0ABCTL
00000062   UCA0BR0
00000063   UCA0BR1
00000060   UCA0CTL0
00000061   UCA0CTL1
0000005f   UCA0IRRCTL
0000005e   UCA0IRTCTL
00000064   UCA0MCTL
00000066   UCA0RXBUF
00000065   UCA0STAT
00000067   UCA0TXBUF
0000006a   UCB0BR0
0000006b   UCB0BR1
00000068   UCB0CTL0
00000069   UCB0CTL1
0000006c   UCB0I2CIE
00000118   UCB0I2COA
0000011a   UCB0I2CSA
0000006e   UCB0RXBUF
0000006d   UCB0STAT
0000006f   UCB0TXBUF
00000120   WDTCTL
00000400   __STACK_END
00000050   __STACK_SIZE
0000c8e2   __TI_CINIT_Base
0000c8ea   __TI_CINIT_Limit
0000c8d8   __TI_Handler_Table_Base
0000c8de   __TI_Handler_Table_Limit
UNDEFED    __TI_INITARRAY_Base
UNDEFED    __TI_INITARRAY_Limit
0000c88e   __TI_ISR_TRAP
00000001   __TI_args_main
0000c7dc   __TI_decompress_none
0000c894   __TI_decompress_rle24
00000001   __TI_exit
0000ffe4   __TI_int02
0000ffe6   __TI_int03
0000ffea   __TI_int05
0000ffec   __TI_int06
0000ffee   __TI_int07
0000fff0   __TI_int08
0000fff2   __TI_int09
0000fff4   __TI_int10
0000fff6   __TI_int11
0000fff8   __TI_int12
0000fffa   __TI_int13
0000fffc   __TI_int14
0000c116   __TI_printfi_minimal
0000c778   __TI_zero_init
ffffffff   __binit__
ffffffff   __c_args__
0000c762   __mspabi_divu
0000c81c   __mspabi_func_epilog_1
0000c81a   __mspabi_func_epilog_2
0000c818   __mspabi_func_epilog_3
0000c816   __mspabi_func_epilog_4
0000c814   __mspabi_func_epilog_5
0000c812   __mspabi_func_epilog_6
0000c810   __mspabi_func_epilog_7
0000c7a0   __mspabi_mpyi
0000c762   __mspabi_remu
0000c54e   __mspabi_srli
0000c594   __mspabi_srli_1
0000c570   __mspabi_srli_10
0000c56c   __mspabi_srli_11
0000c568   __mspabi_srli_12
0000c564   __mspabi_srli_13
0000c560   __mspabi_srli_14
0000c55c   __mspabi_srli_15
0000c590   __mspabi_srli_2
0000c58c   __mspabi_srli_3
0000c588   __mspabi_srli_4
0000c584   __mspabi_srli_5
0000c580   __mspabi_srli_6
0000c57c   __mspabi_srli_7
0000c578   __mspabi_srli_8
0000c574   __mspabi_srli_9
0000c3a0   _auto_init
0000c71a   _c_int00
0000c71a   _c_int00_noexit
0000fffe   _reset_vector
000003b0   _stack
0000c89a   _system_pre_init
0000c89e   abort
ffffffff   binit
0000021c   current_LCD_function
0000c870   delay
0000c74c   init_LCD_ports
0000c800   init_TA1
0000c646   init_put_word
0000c26a   main
0000c6e4   memccpy
0000c7ee   memcpy
0000c78c   memset
0000c8b6   msg1
00000200   msgbuffer
0000021e   runID
0000c87a   sm_wait
0000c4aa   snprintf
0000c884   start_LCD_put
0000c69e   start_LCD_put_4
0000c674   start_LCD_send_buffer
0000c7b4   start_LCD_send_string
0000c820   start_delay
0000c7c8   start_timer
0000c82e   strlen


GLOBAL SYMBOLS: SORTED BY Symbol Address 

address    name
--------   ----
00000000   IE1
00000001   IE2
00000001   __TI_args_main
00000001   __TI_exit
00000002   IFG1
00000003   IFG2
00000010   P3REN
00000018   P3IN
00000019   P3OUT
0000001a   P3DIR
0000001b   P3SEL
00000020   P1IN
00000021   P1OUT
00000022   P1DIR
00000023   P1IFG
00000024   P1IES
00000025   P1IE
00000026   P1SEL
00000027   P1REN
00000028   P2IN
00000029   P2OUT
0000002a   P2DIR
0000002b   P2IFG
0000002c   P2IES
0000002d   P2IE
0000002e   P2SEL
0000002f   P2REN
00000041   P1SEL2
00000042   P2SEL2
00000043   P3SEL2
00000048   ADC10DTC0
00000049   ADC10DTC1
0000004a   ADC10AE0
00000050   __STACK_SIZE
00000053   BCSCTL3
00000056   DCOCTL
00000057   BCSCTL1
00000058   BCSCTL2
00000059   CACTL1
0000005a   CACTL2
0000005b   CAPD
0000005d   UCA0ABCTL
0000005e   UCA0IRTCTL
0000005f   UCA0IRRCTL
00000060   UCA0CTL0
00000061   UCA0CTL1
00000062   UCA0BR0
00000063   UCA0BR1
00000064   UCA0MCTL
00000065   UCA0STAT
00000066   UCA0RXBUF
00000067   UCA0TXBUF
00000068   UCB0CTL0
00000069   UCB0CTL1
0000006a   UCB0BR0
0000006b   UCB0BR1
0000006c   UCB0I2CIE
0000006d   UCB0STAT
0000006e   UCB0RXBUF
0000006f   UCB0TXBUF
00000118   UCB0I2COA
0000011a   UCB0I2CSA
0000011e   TA1IV
00000120   WDTCTL
00000128   FCTL1
0000012a   FCTL2
0000012c   FCTL3
0000012e   TA0IV
00000160   TA0CTL
00000162   TA0CCTL0
00000164   TA0CCTL1
00000166   TA0CCTL2
00000170   TA0R
00000172   TA0CCR0
00000174   TA0CCR1
00000176   TA0CCR2
00000180   TA1CTL
00000182   TA1CCTL0
00000184   TA1CCTL1
00000186   TA1CCTL2
00000190   TA1R
00000192   TA1CCR0
00000194   TA1CCR1
00000196   TA1CCR2
000001b0   ADC10CTL0
000001b2   ADC10CTL1
000001b4   ADC10MEM
000001bc   ADC10SA
00000200   msgbuffer
00000214   LCD_buffer_ptr
00000216   LCD_char_count
00000218   LCD_current_put_value
0000021a   LCD_step
0000021c   current_LCD_function
0000021e   runID
000003b0   _stack
00000400   __STACK_END
000010c0   TLV_CHECKSUM
000010da   TLV_ADC10_1_TAG
000010db   TLV_ADC10_1_LEN
000010f6   TLV_DCO_30_TAG
000010f7   TLV_DCO_30_LEN
000010f8   CALDCO_16MHZ
000010f9   CALBC1_16MHZ
000010fa   CALDCO_12MHZ
000010fb   CALBC1_12MHZ
000010fc   CALDCO_8MHZ
000010fd   CALBC1_8MHZ
000010fe   CALDCO_1MHZ
000010ff   CALBC1_1MHZ
0000c116   __TI_printfi_minimal
0000c1e0   TA1CCR0_handler
0000c26a   main
0000c2e4   LCD_init
0000c3a0   _auto_init
0000c3fe   LCD_put_action
0000c4aa   snprintf
0000c54e   __mspabi_srli
0000c55c   __mspabi_srli_15
0000c560   __mspabi_srli_14
0000c564   __mspabi_srli_13
0000c568   __mspabi_srli_12
0000c56c   __mspabi_srli_11
0000c570   __mspabi_srli_10
0000c574   __mspabi_srli_9
0000c578   __mspabi_srli_8
0000c57c   __mspabi_srli_7
0000c580   __mspabi_srli_6
0000c584   __mspabi_srli_5
0000c588   __mspabi_srli_4
0000c58c   __mspabi_srli_3
0000c590   __mspabi_srli_2
0000c594   __mspabi_srli_1
0000c646   init_put_word
0000c674   start_LCD_send_buffer
0000c69e   start_LCD_put_4
0000c6e4   memccpy
0000c700   LCD_put_4_action
0000c71a   _c_int00
0000c71a   _c_int00_noexit
0000c74c   init_LCD_ports
0000c762   __mspabi_divu
0000c762   __mspabi_remu
0000c778   __TI_zero_init
0000c78c   memset
0000c7a0   __mspabi_mpyi
0000c7b4   start_LCD_send_string
0000c7c8   start_timer
0000c7dc   __TI_decompress_none
0000c7ee   memcpy
0000c800   init_TA1
0000c810   __mspabi_func_epilog_7
0000c812   __mspabi_func_epilog_6
0000c814   __mspabi_func_epilog_5
0000c816   __mspabi_func_epilog_4
0000c818   __mspabi_func_epilog_3
0000c81a   __mspabi_func_epilog_2
0000c81c   __mspabi_func_epilog_1
0000c820   start_delay
0000c82e   strlen
0000c83c   LCD_SM_busy
0000c848   LCD_put
0000c852   LCD_put_4
0000c85c   LCD_send_string
0000c866   LCD_setup
0000c870   delay
0000c87a   sm_wait
0000c884   start_LCD_put
0000c88e   __TI_ISR_TRAP
0000c894   __TI_decompress_rle24
0000c89a   _system_pre_init
0000c89e   C$$EXIT
0000c89e   abort
0000c8b6   msg1
0000c8d8   __TI_Handler_Table_Base
0000c8de   __TI_Handler_Table_Limit
0000c8e2   __TI_CINIT_Base
0000c8ea   __TI_CINIT_Limit
0000ffe4   __TI_int02
0000ffe6   __TI_int03
0000ffea   __TI_int05
0000ffec   __TI_int06
0000ffee   __TI_int07
0000fff0   __TI_int08
0000fff2   __TI_int09
0000fff4   __TI_int10
0000fff6   __TI_int11
0000fff8   __TI_int12
0000fffa   TA1CCR0_handler_ptr
0000fffa   __TI_int13
0000fffc   __TI_int14
0000fffe   _reset_vector
ffffffff   __binit__
ffffffff   __c_args__
ffffffff   binit
UNDEFED    __TI_INITARRAY_Base
UNDEFED    __TI_INITARRAY_Limit

[197 symbols]
