******************************************************************************
                  MSP430 Linker PC v4.3.3                      
******************************************************************************
>> Linked Mon Apr 27 14:41:18 2015

OUTPUT FILE NAME:   <LCD_only.out>
ENTRY POINT SYMBOL: "_c_int00"  address: 0000e18a


MEMORY CONFIGURATION

         name            origin    length      used     unused   attr    fill
----------------------  --------  ---------  --------  --------  ----  --------
  SFR                   00000000   00000010  00000000  00000010  RWIX
  PERIPHERALS_8BIT      00000010   000000f0  00000000  000000f0  RWIX
  PERIPHERALS_16BIT     00000100   00000100  00000000  00000100  RWIX
  RAM                   00000200   00000200  000000dd  00000123  RWIX
  INFOD                 00001000   00000040  00000000  00000040  RWIX
  INFOC                 00001040   00000040  00000000  00000040  RWIX
  INFOB                 00001080   00000040  00000000  00000040  RWIX
  INFOA                 000010c0   00000040  00000000  00000040  RWIX
  FLASH                 0000c000   00003fe0  000023e2  00001bfe  RWIX
  INT00                 0000ffe0   00000002  00000000  00000002  RWIX
  INT01                 0000ffe2   00000002  00000000  00000002  RWIX
  INT02                 0000ffe4   00000002  00000002  00000000  RWIX
  INT03                 0000ffe6   00000002  00000002  00000000  RWIX
  INT04                 0000ffe8   00000002  00000000  00000002  RWIX
  INT05                 0000ffea   00000002  00000002  00000000  RWIX
  INT06                 0000ffec   00000002  00000002  00000000  RWIX
  INT07                 0000ffee   00000002  00000002  00000000  RWIX
  INT08                 0000fff0   00000002  00000002  00000000  RWIX
  INT09                 0000fff2   00000002  00000002  00000000  RWIX
  INT10                 0000fff4   00000002  00000002  00000000  RWIX
  INT11                 0000fff6   00000002  00000002  00000000  RWIX
  INT12                 0000fff8   00000002  00000002  00000000  RWIX
  INT13                 0000fffa   00000002  00000002  00000000  RWIX
  INT14                 0000fffc   00000002  00000002  00000000  RWIX
  RESET                 0000fffe   00000002  00000002  00000000  RWIX


SECTION ALLOCATION MAP

 output                                  attributes/
section   page    origin      length       input sections
--------  ----  ----------  ----------   ----------------
.init_array 
*          0    0000c000    00000000     UNINITIALIZED

.data      0    00000200    00000070     UNINITIALIZED
                  00000200    00000018     main.obj (.data:blackArray)
                  00000218    00000018     main.obj (.data:colourArray)
                  00000230    00000018     main.obj (.data:whiteArray)
                  00000248    00000014     main.obj (.data)
                  0000025c    00000011     main.obj (.data:msg)
                  0000026d    00000001     --HOLE--
                  0000026e    00000002     lcd.obj (.data)

.TI.persistent 
*          0    00000200    00000000     UNINITIALIZED

.bss       0    00000270    0000001d     UNINITIALIZED
                  00000270    00000014     (.common:hex)
                  00000284    00000002     (.common:LCD_buffer_ptr)
                  00000286    00000002     (.common:LCD_char_count)
                  00000288    00000002     (.common:LCD_current_put_value)
                  0000028a    00000002     (.common:LCD_step)
                  0000028c    00000001     (.common:last_button)

.TI.noinit 
*          0    00000270    00000000     UNINITIALIZED

.stack     0    000003b0    00000050     UNINITIALIZED
                  000003b0    00000002     rts430_eabi.lib : boot.obj (.stack)
                  000003b2    0000004e     --HOLE--

.text      0    0000c000    0000238c     
                  0000c000    00000462     rts430_eabi.lib : frcdivd.obj (.text:__TI_frcdivd)
                  0000c462    000003c6     main.obj (.text:adc_handler)
                  0000c828    000002f4     rts430_eabi.lib : frcmpyd.obj (.text:__TI_frcmpyd)
                  0000cb1c    000002e8                     : addd.obj (.text:__mspabi_addd)
                  0000ce04    0000026e                     : mpyd.obj (.text:__mspabi_mpyd)
                  0000d072    00000260                     : frcaddd.obj (.text:__TI_frcaddd)
                  0000d2d2    00000238                     : divd.obj (.text:__mspabi_divd)
                  0000d50a    00000116                     : _printfi_min.obj (.text:_setfield)
                  0000d620    000000e0     main.obj (.text:WDT_interval_handler)
                  0000d700    000000dc     rts430_eabi.lib : cmpd.obj (.text:__mspabi_cmpd)
                  0000d7dc    000000ca                     : _printfi_min.obj (.text:__TI_printfi_minimal)
                  0000d8a6    000000be                     : renormd.obj (.text:__TI_renormd)
                  0000d964    000000aa     main.obj (.text:main)
                  0000da0e    0000008a     lcd.obj (.text:TA1CCR0_handler)
                  0000da98    00000080     rts430_eabi.lib : fltuld.obj (.text:__mspabi_fltuld)
                  0000db18    00000072                     : fixdli.obj (.text:__mspabi_fixdli)
                  0000db8a    0000005e     lcd.obj (.text:LCD_init)
                  0000dbe8    0000005e     rts430_eabi.lib : copy_decompress_rle.obj (.text:__TI_decompress_rle_core)
                  0000dc46    0000005e                     : autoinit.obj (.text:_auto_init)
                  0000dca4    0000005c                     : lsr32.obj (.text:l_lsr_const)
                  0000dd00    00000056     lcd.obj (.text:LCD_put_action)
                  0000dd56    00000056     rts430_eabi.lib : _printfi_min.obj (.text:_ltostr)
                  0000ddac    00000056                     : snprintf.obj (.text:snprintf)
                  0000de02    0000004e                     : _printfi_min.obj (.text:_pproc_diouxp)
                  0000de50    0000004c                     : lsr16.obj (.text)
                  0000de9c    00000048                     : _printfi_min.obj (.text:_pproc_str)
                  0000dee4    0000003e                     : asr32.obj (.text:l_asr_const)
                  0000df22    0000003e                     : lsl32.obj (.text:l_lsl_const)
                  0000df60    00000036                     : snprintf.obj (.text:_outs)
                  0000df96    0000002e                     : subd.obj (.text:__mspabi_subd)
                  0000dfc4    0000002e                     : _printfi_min.obj (.text:_getarg_diouxp)
                  0000dff2    0000002e     lcd.obj (.text:init_put_word)
                  0000e020    0000002c     rts430_eabi.lib : asr16.obj (.text)
                  0000e04c    0000002c                     : lsl16.obj (.text)
                  0000e078    0000002a     lcd.obj (.text:start_LCD_send_buffer)
                  0000e0a2    00000028     rts430_eabi.lib : fixdi.obj (.text:__mspabi_fixdi)
                  0000e0ca    00000028     lcd.obj (.text:start_LCD_put_4)
                  0000e0f2    00000026     rts430_eabi.lib : mult32.obj (.text)
                  0000e118    0000001e                     : snprintf.obj (.text:_outc)
                  0000e136    0000001e     main.obj (.text:init_pins)
                  0000e154    0000001c     rts430_eabi.lib : memccpy.obj (.text:memccpy)
                  0000e170    0000001a     lcd.obj (.text:LCD_put_4_action)
                  0000e18a    0000001a     rts430_eabi.lib : boot.obj (.text:_c_int00_noexit)
                  0000e1a4    00000018                     : _printfi_min.obj (.text:_div)
                  0000e1bc    00000016     lcd.obj (.text:init_LCD_ports)
                  0000e1d2    00000016     main.obj (.text:init_button)
                  0000e1e8    00000016     rts430_eabi.lib : div16u.obj (.text)
                  0000e1fe    00000014                     : copy_zero_init.obj (.text:decompress:ZI:__TI_zero_init)
                  0000e212    00000014     main.obj (.text:init_adc)
                  0000e226    00000014     rts430_eabi.lib : memset.obj (.text:memset)
                  0000e23a    00000014                     : mult16.obj (.text)
                  0000e24e    00000014     lcd.obj (.text:start_LCD_send_string)
                  0000e262    00000014     lcd.obj (.text:start_timer)
                  0000e276    00000012     rts430_eabi.lib : copy_decompress_none.obj (.text:decompress:none:__TI_decompress_none)
                  0000e288    00000012                     : lsr32.obj (.text:l_lsr)
                  0000e29a    00000012                     : memcpy.obj (.text:memcpy)
                  0000e2ac    00000010     lcd.obj (.text:init_TA1)
                  0000e2bc    00000010     rts430_eabi.lib : asr32.obj (.text:l_asr)
                  0000e2cc    00000010                     : lsl32.obj (.text:l_lsl)
                  0000e2dc    00000010                     : epilog.obj (.text)
                  0000e2ec    0000000e     lcd.obj (.text:start_delay)
                  0000e2fa    0000000e     rts430_eabi.lib : strlen.obj (.text:strlen)
                  0000e308    0000000c     lcd.obj (.text:LCD_SM_busy)
                  0000e314    0000000c     main.obj (.text:button_handler)
                  0000e320    0000000c     main.obj (.text:init_wdt)
                  0000e32c    0000000a     lcd.obj (.text:LCD_put)
                  0000e336    0000000a     lcd.obj (.text:LCD_put_4)
                  0000e340    0000000a     lcd.obj (.text:LCD_send_string)
                  0000e34a    0000000a     lcd.obj (.text:LCD_setup)
                  0000e354    0000000a     lcd.obj (.text:delay)
                  0000e35e    0000000a     lcd.obj (.text:sm_wait)
                  0000e368    0000000a     lcd.obj (.text:start_LCD_put)
                  0000e372    00000006     rts430_eabi.lib : isr_trap.obj (.text:__TI_ISR_TRAP)
                  0000e378    00000006                     : fltud.obj (.text:__mspabi_fltud)
                  0000e37e    00000006                     : copy_decompress_rle.obj (.text:decompress:rle24:__TI_decompress_rle24)
                  0000e384    00000004                     : pre_init.obj (.text:_system_pre_init)
                  0000e388    00000004                     : exit.obj (.text:abort)

.const     0    0000e38c    00000028     
                  0000e38c    00000014     main.obj (.const:.string)
                  0000e3a0    00000014     rts430_eabi.lib : _printfi_min.obj (.const:.string)

.cinit     0    0000e3b4    0000002e     
                  0000e3b4    0000001c     (.cinit..data.load) [load image, compression = rle]
                  0000e3d0    00000006     (__TI_handler_table)
                  0000e3d6    00000004     (.cinit..bss.load) [load image, compression = zero_init]
                  0000e3da    00000008     (__TI_cinit_table)

PORT1      0    0000ffe4    00000002     
                  0000ffe4    00000002     main.obj (.int02)

PORT2      0    0000ffe6    00000002     
                  0000ffe6    00000002     rts430_eabi.lib : int03.obj (.int03)

ADC10      0    0000ffea    00000002     
                  0000ffea    00000002     main.obj (.int05)

USCIAB0TX 
*          0    0000ffec    00000002     
                  0000ffec    00000002     rts430_eabi.lib : int06.obj (.int06)

USCIAB0RX 
*          0    0000ffee    00000002     
                  0000ffee    00000002     rts430_eabi.lib : int07.obj (.int07)

TIMER0_A1 
*          0    0000fff0    00000002     
                  0000fff0    00000002     rts430_eabi.lib : int08.obj (.int08)

TIMER0_A0 
*          0    0000fff2    00000002     
                  0000fff2    00000002     rts430_eabi.lib : int09.obj (.int09)

WDT        0    0000fff4    00000002     
                  0000fff4    00000002     main.obj (.int10)

COMPARATORA 
*          0    0000fff6    00000002     
                  0000fff6    00000002     rts430_eabi.lib : int11.obj (.int11)

TIMER1_A1 
*          0    0000fff8    00000002     
                  0000fff8    00000002     rts430_eabi.lib : int12.obj (.int12)

TIMER1_A0 
*          0    0000fffa    00000002     
                  0000fffa    00000002     lcd.obj (.int13)

NMI        0    0000fffc    00000002     
                  0000fffc    00000002     rts430_eabi.lib : int14.obj (.int14)

.reset     0    0000fffe    00000002     
                  0000fffe    00000002     rts430_eabi.lib : boot.obj (.reset)


LINKER GENERATED COPY TABLES

__TI_cinit_table @ 0000e3da records: 2, size/record: 4, table size: 8
	.data: load addr=0000e3b4, load size=0000001c bytes, run addr=00000200, run size=00000070 bytes, compression=rle
	.bss: load addr=0000e3d6, load size=00000004 bytes, run addr=00000270, run size=0000001d bytes, compression=zero_init


LINKER GENERATED HANDLER TABLE

__TI_handler_table @ 0000e3d0 records: 3, size/record: 2, table size: 6
	index: 0, handler: __TI_zero_init
	index: 1, handler: __TI_decompress_rle24
	index: 2, handler: __TI_decompress_none


GLOBAL SYMBOLS: SORTED ALPHABETICALLY BY Name 

address    name
--------   ----
0000004a   ADC10AE0
000001b0   ADC10CTL0
000001b2   ADC10CTL1
00000048   ADC10DTC0
00000049   ADC10DTC1
000001b4   ADC10MEM
000001bc   ADC10SA
00000057   BCSCTL1
00000058   BCSCTL2
00000053   BCSCTL3
0000e388   C$$EXIT
00000059   CACTL1
0000005a   CACTL2
000010fb   CALBC1_12MHZ
000010f9   CALBC1_16MHZ
000010ff   CALBC1_1MHZ
000010fd   CALBC1_8MHZ
000010fa   CALDCO_12MHZ
000010f8   CALDCO_16MHZ
000010fe   CALDCO_1MHZ
000010fc   CALDCO_8MHZ
0000005b   CAPD
00000248   Current_LED
0000024c   Current_Target
00000056   DCOCTL
00000128   FCTL1
0000012a   FCTL2
0000012c   FCTL3
00000000   IE1
00000001   IE2
00000002   IFG1
00000003   IFG2
0000e308   LCD_SM_busy
00000284   LCD_buffer_ptr
00000286   LCD_char_count
00000288   LCD_current_put_value
0000db8a   LCD_init
0000e32c   LCD_put
0000e336   LCD_put_4
0000e170   LCD_put_4_action
0000dd00   LCD_put_action
0000e340   LCD_send_string
0000e34a   LCD_setup
0000028a   LCD_step
00000022   P1DIR
00000025   P1IE
00000024   P1IES
00000023   P1IFG
00000020   P1IN
00000021   P1OUT
00000027   P1REN
00000026   P1SEL
00000041   P1SEL2
0000002a   P2DIR
0000002d   P2IE
0000002c   P2IES
0000002b   P2IFG
00000028   P2IN
00000029   P2OUT
0000002f   P2REN
0000002e   P2SEL
00000042   P2SEL2
0000001a   P3DIR
00000018   P3IN
00000019   P3OUT
00000010   P3REN
0000001b   P3SEL
00000043   P3SEL2
00000172   TA0CCR0
00000174   TA0CCR1
00000176   TA0CCR2
00000162   TA0CCTL0
00000164   TA0CCTL1
00000166   TA0CCTL2
00000160   TA0CTL
0000012e   TA0IV
00000170   TA0R
00000192   TA1CCR0
0000da0e   TA1CCR0_handler
0000fffa   TA1CCR0_handler_ptr
00000194   TA1CCR1
00000196   TA1CCR2
00000182   TA1CCTL0
00000184   TA1CCTL1
00000186   TA1CCTL2
00000180   TA1CTL
0000011e   TA1IV
00000190   TA1R
000010db   TLV_ADC10_1_LEN
000010da   TLV_ADC10_1_TAG
000010c0   TLV_CHECKSUM
000010f7   TLV_DCO_30_LEN
000010f6   TLV_DCO_30_TAG
0000024e   Times_Measured
0000005d   UCA0ABCTL
00000062   UCA0BR0
00000063   UCA0BR1
00000060   UCA0CTL0
00000061   UCA0CTL1
0000005f   UCA0IRRCTL
0000005e   UCA0IRTCTL
00000064   UCA0MCTL
00000066   UCA0RXBUF
00000065   UCA0STAT
00000067   UCA0TXBUF
0000006a   UCB0BR0
0000006b   UCB0BR1
00000068   UCB0CTL0
00000069   UCB0CTL1
0000006c   UCB0I2CIE
00000118   UCB0I2COA
0000011a   UCB0I2CSA
0000006e   UCB0RXBUF
0000006d   UCB0STAT
0000006f   UCB0TXBUF
00000120   WDTCTL
00000250   WDT_delay
0000d620   WDT_interval_handler
0000fff4   WDT_interval_handler_ptr
00000400   __STACK_END
00000050   __STACK_SIZE
0000e3da   __TI_CINIT_Base
0000e3e2   __TI_CINIT_Limit
0000e3d0   __TI_Handler_Table_Base
0000e3d6   __TI_Handler_Table_Limit
UNDEFED    __TI_INITARRAY_Base
UNDEFED    __TI_INITARRAY_Limit
0000e372   __TI_ISR_TRAP
00000001   __TI_args_main
0000e276   __TI_decompress_none
0000e37e   __TI_decompress_rle24
00000001   __TI_exit
0000d072   __TI_frcaddd
0000c000   __TI_frcdivd
0000c828   __TI_frcmpyd
0000ffe4   __TI_int02
0000ffe6   __TI_int03
0000ffea   __TI_int05
0000ffec   __TI_int06
0000ffee   __TI_int07
0000fff0   __TI_int08
0000fff2   __TI_int09
0000fff4   __TI_int10
0000fff6   __TI_int11
0000fff8   __TI_int12
0000fffa   __TI_int13
0000fffc   __TI_int14
0000d7dc   __TI_printfi_minimal
0000d8a6   __TI_renormd
0000e1fe   __TI_zero_init
ffffffff   __binit__
ffffffff   __c_args__
0000cb1c   __mspabi_addd
0000d700   __mspabi_cmpd
0000d2d2   __mspabi_divd
0000e1e8   __mspabi_divu
0000e0a2   __mspabi_fixdi
0000db18   __mspabi_fixdli
0000e378   __mspabi_fltud
0000da98   __mspabi_fltuld
0000e2e8   __mspabi_func_epilog_1
0000e2e6   __mspabi_func_epilog_2
0000e2e4   __mspabi_func_epilog_3
0000e2e2   __mspabi_func_epilog_4
0000e2e0   __mspabi_func_epilog_5
0000e2de   __mspabi_func_epilog_6
0000e2dc   __mspabi_func_epilog_7
0000ce04   __mspabi_mpyd
0000e23a   __mspabi_mpyi
0000e0f2   __mspabi_mpyl
0000e1e8   __mspabi_remu
0000e04c   __mspabi_slli
0000e074   __mspabi_slli_1
0000e062   __mspabi_slli_10
0000e060   __mspabi_slli_11
0000e05e   __mspabi_slli_12
0000e05c   __mspabi_slli_13
0000e05a   __mspabi_slli_14
0000e058   __mspabi_slli_15
0000e072   __mspabi_slli_2
0000e070   __mspabi_slli_3
0000e06e   __mspabi_slli_4
0000e06c   __mspabi_slli_5
0000e06a   __mspabi_slli_6
0000e068   __mspabi_slli_7
0000e066   __mspabi_slli_8
0000e064   __mspabi_slli_9
0000e2cc   __mspabi_slll
0000df5a   __mspabi_slll_1
0000df36   __mspabi_slll_10
0000df32   __mspabi_slll_11
0000df2e   __mspabi_slll_12
0000df2a   __mspabi_slll_13
0000df26   __mspabi_slll_14
0000df22   __mspabi_slll_15
0000df56   __mspabi_slll_2
0000df52   __mspabi_slll_3
0000df4e   __mspabi_slll_4
0000df4a   __mspabi_slll_5
0000df46   __mspabi_slll_6
0000df42   __mspabi_slll_7
0000df3e   __mspabi_slll_8
0000df3a   __mspabi_slll_9
0000e020   __mspabi_srai
0000e048   __mspabi_srai_1
0000e036   __mspabi_srai_10
0000e034   __mspabi_srai_11
0000e032   __mspabi_srai_12
0000e030   __mspabi_srai_13
0000e02e   __mspabi_srai_14
0000e02c   __mspabi_srai_15
0000e046   __mspabi_srai_2
0000e044   __mspabi_srai_3
0000e042   __mspabi_srai_4
0000e040   __mspabi_srai_5
0000e03e   __mspabi_srai_6
0000e03c   __mspabi_srai_7
0000e03a   __mspabi_srai_8
0000e038   __mspabi_srai_9
0000e2bc   __mspabi_sral
0000df1c   __mspabi_sral_1
0000def8   __mspabi_sral_10
0000def4   __mspabi_sral_11
0000def0   __mspabi_sral_12
0000deec   __mspabi_sral_13
0000dee8   __mspabi_sral_14
0000dee4   __mspabi_sral_15
0000df18   __mspabi_sral_2
0000df14   __mspabi_sral_3
0000df10   __mspabi_sral_4
0000df0c   __mspabi_sral_5
0000df08   __mspabi_sral_6
0000df04   __mspabi_sral_7
0000df00   __mspabi_sral_8
0000defc   __mspabi_sral_9
0000de50   __mspabi_srli
0000de96   __mspabi_srli_1
0000de72   __mspabi_srli_10
0000de6e   __mspabi_srli_11
0000de6a   __mspabi_srli_12
0000de66   __mspabi_srli_13
0000de62   __mspabi_srli_14
0000de5e   __mspabi_srli_15
0000de92   __mspabi_srli_2
0000de8e   __mspabi_srli_3
0000de8a   __mspabi_srli_4
0000de86   __mspabi_srli_5
0000de82   __mspabi_srli_6
0000de7e   __mspabi_srli_7
0000de7a   __mspabi_srli_8
0000de76   __mspabi_srli_9
0000e288   __mspabi_srll
0000dcf8   __mspabi_srll_1
0000dcc2   __mspabi_srll_10
0000dcbc   __mspabi_srll_11
0000dcb6   __mspabi_srll_12
0000dcb0   __mspabi_srll_13
0000dcaa   __mspabi_srll_14
0000dca4   __mspabi_srll_15
0000dcf2   __mspabi_srll_2
0000dcec   __mspabi_srll_3
0000dce6   __mspabi_srll_4
0000dce0   __mspabi_srll_5
0000dcda   __mspabi_srll_6
0000dcd4   __mspabi_srll_7
0000dcce   __mspabi_srll_8
0000dcc8   __mspabi_srll_9
0000df96   __mspabi_subd
0000dc46   _auto_init
0000e18a   _c_int00
0000e18a   _c_int00_noexit
0000fffe   _reset_vector
000003b0   _stack
0000e384   _system_pre_init
0000e388   abort
0000c462   adc_handler
0000ffea   adc_handler_ptr
0000024a   begin
ffffffff   binit
00000200   blackArray
0000e314   button_handler
0000ffe4   button_handler_ptr
00000218   colourArray
0000026e   current_LCD_function
0000e354   delay
00000252   grayDiff
00000270   hex
0000e1bc   init_LCD_ports
0000e2ac   init_TA1
0000e212   init_adc
0000e1d2   init_button
0000e136   init_pins
0000dff2   init_put_word
0000e320   init_wdt
0000028c   last_button
0000d964   main
0000025a   measure
0000e154   memccpy
0000e29a   memcpy
0000e226   memset
0000025c   msg
0000e35e   sm_wait
0000ddac   snprintf
0000e368   start_LCD_put
0000e0ca   start_LCD_put_4
0000e078   start_LCD_send_buffer
0000e24e   start_LCD_send_string
0000e2ec   start_delay
0000e262   start_timer
0000e2fa   strlen
00000230   whiteArray


GLOBAL SYMBOLS: SORTED BY Symbol Address 

address    name
--------   ----
00000000   IE1
00000001   IE2
00000001   __TI_args_main
00000001   __TI_exit
00000002   IFG1
00000003   IFG2
00000010   P3REN
00000018   P3IN
00000019   P3OUT
0000001a   P3DIR
0000001b   P3SEL
00000020   P1IN
00000021   P1OUT
00000022   P1DIR
00000023   P1IFG
00000024   P1IES
00000025   P1IE
00000026   P1SEL
00000027   P1REN
00000028   P2IN
00000029   P2OUT
0000002a   P2DIR
0000002b   P2IFG
0000002c   P2IES
0000002d   P2IE
0000002e   P2SEL
0000002f   P2REN
00000041   P1SEL2
00000042   P2SEL2
00000043   P3SEL2
00000048   ADC10DTC0
00000049   ADC10DTC1
0000004a   ADC10AE0
00000050   __STACK_SIZE
00000053   BCSCTL3
00000056   DCOCTL
00000057   BCSCTL1
00000058   BCSCTL2
00000059   CACTL1
0000005a   CACTL2
0000005b   CAPD
0000005d   UCA0ABCTL
0000005e   UCA0IRTCTL
0000005f   UCA0IRRCTL
00000060   UCA0CTL0
00000061   UCA0CTL1
00000062   UCA0BR0
00000063   UCA0BR1
00000064   UCA0MCTL
00000065   UCA0STAT
00000066   UCA0RXBUF
00000067   UCA0TXBUF
00000068   UCB0CTL0
00000069   UCB0CTL1
0000006a   UCB0BR0
0000006b   UCB0BR1
0000006c   UCB0I2CIE
0000006d   UCB0STAT
0000006e   UCB0RXBUF
0000006f   UCB0TXBUF
00000118   UCB0I2COA
0000011a   UCB0I2CSA
0000011e   TA1IV
00000120   WDTCTL
00000128   FCTL1
0000012a   FCTL2
0000012c   FCTL3
0000012e   TA0IV
00000160   TA0CTL
00000162   TA0CCTL0
00000164   TA0CCTL1
00000166   TA0CCTL2
00000170   TA0R
00000172   TA0CCR0
00000174   TA0CCR1
00000176   TA0CCR2
00000180   TA1CTL
00000182   TA1CCTL0
00000184   TA1CCTL1
00000186   TA1CCTL2
00000190   TA1R
00000192   TA1CCR0
00000194   TA1CCR1
00000196   TA1CCR2
000001b0   ADC10CTL0
000001b2   ADC10CTL1
000001b4   ADC10MEM
000001bc   ADC10SA
00000200   blackArray
00000218   colourArray
00000230   whiteArray
00000248   Current_LED
0000024a   begin
0000024c   Current_Target
0000024e   Times_Measured
00000250   WDT_delay
00000252   grayDiff
0000025a   measure
0000025c   msg
0000026e   current_LCD_function
00000270   hex
00000284   LCD_buffer_ptr
00000286   LCD_char_count
00000288   LCD_current_put_value
0000028a   LCD_step
0000028c   last_button
000003b0   _stack
00000400   __STACK_END
000010c0   TLV_CHECKSUM
000010da   TLV_ADC10_1_TAG
000010db   TLV_ADC10_1_LEN
000010f6   TLV_DCO_30_TAG
000010f7   TLV_DCO_30_LEN
000010f8   CALDCO_16MHZ
000010f9   CALBC1_16MHZ
000010fa   CALDCO_12MHZ
000010fb   CALBC1_12MHZ
000010fc   CALDCO_8MHZ
000010fd   CALBC1_8MHZ
000010fe   CALDCO_1MHZ
000010ff   CALBC1_1MHZ
0000c000   __TI_frcdivd
0000c462   adc_handler
0000c828   __TI_frcmpyd
0000cb1c   __mspabi_addd
0000ce04   __mspabi_mpyd
0000d072   __TI_frcaddd
0000d2d2   __mspabi_divd
0000d620   WDT_interval_handler
0000d700   __mspabi_cmpd
0000d7dc   __TI_printfi_minimal
0000d8a6   __TI_renormd
0000d964   main
0000da0e   TA1CCR0_handler
0000da98   __mspabi_fltuld
0000db18   __mspabi_fixdli
0000db8a   LCD_init
0000dc46   _auto_init
0000dca4   __mspabi_srll_15
0000dcaa   __mspabi_srll_14
0000dcb0   __mspabi_srll_13
0000dcb6   __mspabi_srll_12
0000dcbc   __mspabi_srll_11
0000dcc2   __mspabi_srll_10
0000dcc8   __mspabi_srll_9
0000dcce   __mspabi_srll_8
0000dcd4   __mspabi_srll_7
0000dcda   __mspabi_srll_6
0000dce0   __mspabi_srll_5
0000dce6   __mspabi_srll_4
0000dcec   __mspabi_srll_3
0000dcf2   __mspabi_srll_2
0000dcf8   __mspabi_srll_1
0000dd00   LCD_put_action
0000ddac   snprintf
0000de50   __mspabi_srli
0000de5e   __mspabi_srli_15
0000de62   __mspabi_srli_14
0000de66   __mspabi_srli_13
0000de6a   __mspabi_srli_12
0000de6e   __mspabi_srli_11
0000de72   __mspabi_srli_10
0000de76   __mspabi_srli_9
0000de7a   __mspabi_srli_8
0000de7e   __mspabi_srli_7
0000de82   __mspabi_srli_6
0000de86   __mspabi_srli_5
0000de8a   __mspabi_srli_4
0000de8e   __mspabi_srli_3
0000de92   __mspabi_srli_2
0000de96   __mspabi_srli_1
0000dee4   __mspabi_sral_15
0000dee8   __mspabi_sral_14
0000deec   __mspabi_sral_13
0000def0   __mspabi_sral_12
0000def4   __mspabi_sral_11
0000def8   __mspabi_sral_10
0000defc   __mspabi_sral_9
0000df00   __mspabi_sral_8
0000df04   __mspabi_sral_7
0000df08   __mspabi_sral_6
0000df0c   __mspabi_sral_5
0000df10   __mspabi_sral_4
0000df14   __mspabi_sral_3
0000df18   __mspabi_sral_2
0000df1c   __mspabi_sral_1
0000df22   __mspabi_slll_15
0000df26   __mspabi_slll_14
0000df2a   __mspabi_slll_13
0000df2e   __mspabi_slll_12
0000df32   __mspabi_slll_11
0000df36   __mspabi_slll_10
0000df3a   __mspabi_slll_9
0000df3e   __mspabi_slll_8
0000df42   __mspabi_slll_7
0000df46   __mspabi_slll_6
0000df4a   __mspabi_slll_5
0000df4e   __mspabi_slll_4
0000df52   __mspabi_slll_3
0000df56   __mspabi_slll_2
0000df5a   __mspabi_slll_1
0000df96   __mspabi_subd
0000dff2   init_put_word
0000e020   __mspabi_srai
0000e02c   __mspabi_srai_15
0000e02e   __mspabi_srai_14
0000e030   __mspabi_srai_13
0000e032   __mspabi_srai_12
0000e034   __mspabi_srai_11
0000e036   __mspabi_srai_10
0000e038   __mspabi_srai_9
0000e03a   __mspabi_srai_8
0000e03c   __mspabi_srai_7
0000e03e   __mspabi_srai_6
0000e040   __mspabi_srai_5
0000e042   __mspabi_srai_4
0000e044   __mspabi_srai_3
0000e046   __mspabi_srai_2
0000e048   __mspabi_srai_1
0000e04c   __mspabi_slli
0000e058   __mspabi_slli_15
0000e05a   __mspabi_slli_14
0000e05c   __mspabi_slli_13
0000e05e   __mspabi_slli_12
0000e060   __mspabi_slli_11
0000e062   __mspabi_slli_10
0000e064   __mspabi_slli_9
0000e066   __mspabi_slli_8
0000e068   __mspabi_slli_7
0000e06a   __mspabi_slli_6
0000e06c   __mspabi_slli_5
0000e06e   __mspabi_slli_4
0000e070   __mspabi_slli_3
0000e072   __mspabi_slli_2
0000e074   __mspabi_slli_1
0000e078   start_LCD_send_buffer
0000e0a2   __mspabi_fixdi
0000e0ca   start_LCD_put_4
0000e0f2   __mspabi_mpyl
0000e136   init_pins
0000e154   memccpy
0000e170   LCD_put_4_action
0000e18a   _c_int00
0000e18a   _c_int00_noexit
0000e1bc   init_LCD_ports
0000e1d2   init_button
0000e1e8   __mspabi_divu
0000e1e8   __mspabi_remu
0000e1fe   __TI_zero_init
0000e212   init_adc
0000e226   memset
0000e23a   __mspabi_mpyi
0000e24e   start_LCD_send_string
0000e262   start_timer
0000e276   __TI_decompress_none
0000e288   __mspabi_srll
0000e29a   memcpy
0000e2ac   init_TA1
0000e2bc   __mspabi_sral
0000e2cc   __mspabi_slll
0000e2dc   __mspabi_func_epilog_7
0000e2de   __mspabi_func_epilog_6
0000e2e0   __mspabi_func_epilog_5
0000e2e2   __mspabi_func_epilog_4
0000e2e4   __mspabi_func_epilog_3
0000e2e6   __mspabi_func_epilog_2
0000e2e8   __mspabi_func_epilog_1
0000e2ec   start_delay
0000e2fa   strlen
0000e308   LCD_SM_busy
0000e314   button_handler
0000e320   init_wdt
0000e32c   LCD_put
0000e336   LCD_put_4
0000e340   LCD_send_string
0000e34a   LCD_setup
0000e354   delay
0000e35e   sm_wait
0000e368   start_LCD_put
0000e372   __TI_ISR_TRAP
0000e378   __mspabi_fltud
0000e37e   __TI_decompress_rle24
0000e384   _system_pre_init
0000e388   C$$EXIT
0000e388   abort
0000e3d0   __TI_Handler_Table_Base
0000e3d6   __TI_Handler_Table_Limit
0000e3da   __TI_CINIT_Base
0000e3e2   __TI_CINIT_Limit
0000ffe4   __TI_int02
0000ffe4   button_handler_ptr
0000ffe6   __TI_int03
0000ffea   __TI_int05
0000ffea   adc_handler_ptr
0000ffec   __TI_int06
0000ffee   __TI_int07
0000fff0   __TI_int08
0000fff2   __TI_int09
0000fff4   WDT_interval_handler_ptr
0000fff4   __TI_int10
0000fff6   __TI_int11
0000fff8   __TI_int12
0000fffa   TA1CCR0_handler_ptr
0000fffa   __TI_int13
0000fffc   __TI_int14
0000fffe   _reset_vector
ffffffff   __binit__
ffffffff   __c_args__
ffffffff   binit
UNDEFED    __TI_INITARRAY_Base
UNDEFED    __TI_INITARRAY_Limit

[311 symbols]
